TITLE : An_Example_Of_Truss

        (21:14:23 on April 5, 2026, Sunday)

C O N T R O L   I N F O R M A T I O N

	  NUMBER OF NODAL POINTS . . . . . . . . . . (NUMNP)  =    12
	  NUMBER OF ELEMENT GROUPS . . . . . . . . . (NUMEG)  =     1
	  NUMBER OF LOAD CASES . . . . . . . . . . . (NLCASE) =     1
	  SOLUTION MODE  . . . . . . . . . . . . . . (MODEX)  =     1
		 EQ.0, DATA CHECK
		 EQ.1, EXECUTION

 N O D A L   P O I N T   D A T A

    NODE       BOUNDARY                         NODAL POINT
   NUMBER  CONDITION  CODES                     COORDINATES
        1    0    0    1      0.000000e+00   4.000000e+00   0.000000e+00
        2    0    0    1      3.000000e+00   4.000000e+00   0.000000e+00
        3    0    0    1      6.000000e+00   4.000000e+00   0.000000e+00
        4    0    0    1      9.000000e+00   4.000000e+00   0.000000e+00
        5    0    0    1      1.200000e+01   4.000000e+00   0.000000e+00
        6    0    0    1      1.500000e+01   4.000000e+00   0.000000e+00
        7    1    1    1      0.000000e+00   0.000000e+00   0.000000e+00
        8    0    0    1      3.000000e+00   0.000000e+00   0.000000e+00
        9    0    0    1      6.000000e+00   0.000000e+00   0.000000e+00
       10    0    0    1      9.000000e+00   0.000000e+00   0.000000e+00
       11    0    0    1      1.200000e+01   0.000000e+00   0.000000e+00
       12    0    1    1      1.500000e+01   0.000000e+00   0.000000e+00

 EQUATION NUMBERS

   NODE NUMBER   DEGREES OF FREEDOM
        N           X    Y    Z
        1           1    2    0
        2           3    4    0
        3           5    6    0
        4           7    8    0
        5           9   10    0
        6          11   12    0
        7           0    0    0
        8          13   14    0
        9          15   16    0
       10          17   18    0
       11          19   20    0
       12          21    0    0

 L O A D   C A S E   D A T A

     LOAD CASE NUMBER . . . . . . . =     1
     NUMBER OF CONCENTRATED LOADS . =     1

    NODE       DIRECTION      LOAD
   NUMBER                   MAGNITUDE
      9            2      -7.000000e+03

 E L E M E N T   G R O U P   D A T A


 E L E M E N T   D E F I N I T I O N

 ELEMENT TYPE  . . . . . . . . . . . . .( NPAR(1) ) . . =    1
     EQ.1, TRUSS ELEMENTS
     EQ.2, ELEMENTS CURRENTLY
     EQ.3, NOT AVAILABLE

 NUMBER OF ELEMENTS. . . . . . . . . . .( NPAR(2) ) . . =   22

 M A T E R I A L   D E F I N I T I O N

 NUMBER OF DIFFERENT SETS OF MATERIAL
 AND CROSS-SECTIONAL  CONSTANTS  . . . .( NPAR(3) ) . . =    1

  SET       YOUNG'S     CROSS-SECTIONAL
 NUMBER     MODULUS          AREA
               E              A
    1    1.500000e+11    1.000000e-02


 E L E M E N T   I N F O R M A T I O N
 ELEMENT     NODE     NODE       MATERIAL
 NUMBER-N      I        J       SET NUMBER
    1          1        2           1
    2          2        3           1
    3          3        4           1
    4          4        5           1
    5          5        6           1
    6          7        8           1
    7          8        9           1
    8          9       10           1
    9         10       11           1
   10         11       12           1
   11          1        7           1
   12          2        8           1
   13          3        9           1
   14          4       10           1
   15          5       11           1
   16          6       12           1
   17          1        8           1
   18          2        9           1
   19          3        8           1
   20          4        9           1
   21          5       10           1
   22          6       11           1

	TOTAL SYSTEM DATA

     NUMBER OF EQUATIONS . . . . . . . . . . . . . .(NEQ) = 21
     NUMBER OF MATRIX ELEMENTS . . . . . . . . . . .(NWK) = 149
     MAXIMUM HALF BANDWIDTH  . . . . . . . . . . . .(MK ) = 14
     MEAN HALF BANDWIDTH . . . . . . . . . . . . . .(MM ) = 7.095238095238095


 LOAD CASE    1


 D I S P L A C E M E N T S

  NODE           X-DISPLACEMENT    Y-DISPLACEMENT    Z-DISPLACEMENT
    1              3.864000e-05     -1.120000e-05      0.000000e+00
    2              3.234000e-05     -6.765500e-05      0.000000e+00
    3              2.289000e-05     -9.016000e-05      0.000000e+00
    4              1.029000e-05     -8.180667e-05      0.000000e+00
    5              1.890000e-06     -4.778667e-05      0.000000e+00
    6             -2.310000e-06     -7.466667e-06      0.000000e+00
    7              0.000000e+00      0.000000e+00      0.000000e+00
    8             -1.185846e-20     -6.205500e-05      0.000000e+00
    9              9.450000e-06     -9.576000e-05      0.000000e+00
   10              1.785000e-05     -7.434000e-05      0.000000e+00
   11              2.205000e-05     -4.032000e-05      0.000000e+00
   12              2.205000e-05      0.000000e+00      0.000000e+00

 S T R E S S  C A L C U L A T I O N S  F O R  E L E M E N T  G R O U P    1

  ELEMENT             FORCE            STRESS
  NUMBER
    1         -3.150000e+03     -3.150000e+05
    2         -4.725000e+03     -4.725000e+05
    3         -6.300000e+03     -6.300000e+05
    4         -4.200000e+03     -4.200000e+05
    5         -2.100000e+03     -2.100000e+05
    6         -5.929231e-12     -5.929231e-10
    7          4.725000e+03      4.725000e+05
    8          4.200000e+03      4.200000e+05
    9          2.100000e+03      2.100000e+05
   10          0.000000e+00      0.000000e+00
   11         -4.200000e+03     -4.200000e+05
   12         -2.100000e+03     -2.100000e+05
   13          2.100000e+03      2.100000e+05
   14         -2.800000e+03     -2.800000e+05
   15         -2.800000e+03     -2.800000e+05
   16         -2.800000e+03     -2.800000e+05
   17          5.250000e+03      5.250000e+05
   18          2.625000e+03      2.625000e+05
   19         -2.625000e+03     -2.625000e+05
   20          3.500000e+03      3.500000e+05
   21          3.500000e+03      3.500000e+05
   22          3.500000e+03      3.500000e+05

 S O L U T I O N   T I M E   L O G   I N   S E C 

     TIME FOR INPUT PHASE = 0:00:00.000992
     TIME FOR CALCULATION OF STIFFNESS MATRIX = 0:00:00.000999
     TIME FOR FACTORIZATION AND LOAD CASE SOLUTIONS = 0:00:00.000999
     T O T A L   S O L U T I O N   T I M E = 0:00:00.002990
