TITLE : Cables to test STAP90

        (23:16:14 on April 3, 2026, Friday)

C O N T R O L   I N F O R M A T I O N

	  NUMBER OF NODAL POINTS . . . . . . . . . . (NUMNP)  =    12
	  NUMBER OF ELEMENT GROUPS . . . . . . . . . (NUMEG)  =     1
	  NUMBER OF LOAD CASES . . . . . . . . . . . (NLCASE) =     1
	  SOLUTION MODE  . . . . . . . . . . . . . . (MODEX)  =     1
		 EQ.0, DATA CHECK
		 EQ.1, EXECUTION

 N O D A L   P O I N T   D A T A

    NODE       BOUNDARY                         NODAL POINT
   NUMBER  CONDITION  CODES                     COORDINATES
        1    1    1    1      0.000000e+00   0.000000e+00   0.000000e+00
        2    1    1    1      1.500000e+01   0.000000e+00   0.000000e+00
        3    0    0    1      3.000000e+00   0.000000e+00   0.000000e+00
        4    0    0    1      6.000000e+00   0.000000e+00   0.000000e+00
        5    0    0    1      9.000000e+00   0.000000e+00   0.000000e+00
        6    0    0    1      1.200000e+01   0.000000e+00   0.000000e+00
        7    0    0    1      0.000000e+00   4.000000e+00   0.000000e+00
        8    0    0    1      3.000000e+00   4.000000e+00   0.000000e+00
        9    0    0    1      6.000000e+00   4.000000e+00   0.000000e+00
       10    0    0    1      9.000000e+00   4.000000e+00   0.000000e+00
       11    0    0    1      1.200000e+01   4.000000e+00   0.000000e+00
       12    0    0    1      1.500000e+01   4.000000e+00   0.000000e+00

 EQUATION NUMBERS

   NODE NUMBER   DEGREES OF FREEDOM
        N           X    Y    Z
        1           0    0    0
        2           0    0    0
        3           1    2    0
        4           3    4    0
        5           5    6    0
        6           7    8    0
        7           9   10    0
        8          11   12    0
        9          13   14    0
       10          15   16    0
       11          17   18    0
       12          19   20    0

 L O A D   C A S E   D A T A

     LOAD CASE NUMBER . . . . . . . =     1
     NUMBER OF CONCENTRATED LOADS . =     1

    NODE       DIRECTION      LOAD
   NUMBER                   MAGNITUDE
      4            2      -7.000000e+03

 E L E M E N T   G R O U P   D A T A


 E L E M E N T   D E F I N I T I O N

 ELEMENT TYPE  . . . . . . . . . . . . .( NPAR(1) ) . . =    1
     EQ.1, TRUSS ELEMENTS
     EQ.2, ELEMENTS CURRENTLY
     EQ.3, NOT AVAILABLE

 NUMBER OF ELEMENTS. . . . . . . . . . .( NPAR(2) ) . . =   22

 M A T E R I A L   D E F I N I T I O N

 NUMBER OF DIFFERENT SETS OF MATERIAL
 AND CROSS-SECTIONAL  CONSTANTS  . . . .( NPAR(3) ) . . =    1

  SET       YOUNG'S     CROSS-SECTIONAL
 NUMBER     MODULUS          AREA
               E              A
    1    1.500000e+11    1.000000e-02


 E L E M E N T   I N F O R M A T I O N
 ELEMENT     NODE     NODE       MATERIAL
 NUMBER-N      I        J       SET NUMBER
    1          1        7           1
    2          3        8           1
    3          4        9           1
    4          5       10           1
    5          6       11           1
    6          2       12           1
    7          1        3           1
    8          3        4           1
    9          4        5           1
   10          5        6           1
   11          6        2           1
   12          7        8           1
   13          8        9           1
   14          9       10           1
   15         10       11           1
   16         11       12           1
   17          7        3           1
   18          8        4           1
   19          9        5           1
   20          4       10           1
   21          5       11           1
   22          6       12           1

	TOTAL SYSTEM DATA

     NUMBER OF EQUATIONS . . . . . . . . . . . . . .(NEQ) = 20
     NUMBER OF MATRIX ELEMENTS . . . . . . . . . . .(NWK) = 170
     MAXIMUM HALF BANDWIDTH  . . . . . . . . . . . .(MK ) = 14
     MEAN HALF BANDWIDTH . . . . . . . . . . . . . .(MM ) = 8.5


 LOAD CASE    1


 D I S P L A C E M E N T S

  NODE           X-DISPLACEMENT    Y-DISPLACEMENT    Z-DISPLACEMENT
    1              0.000000e+00      0.000000e+00      0.000000e+00
    2              0.000000e+00      0.000000e+00      0.000000e+00
    3             -4.253165e-06     -5.097019e-05      0.000000e+00
    4             -2.206329e-06     -9.568025e-05      0.000000e+00
    5              4.306329e-06     -8.056025e-05      0.000000e+00
    6              4.253165e-06     -4.183519e-05      0.000000e+00
    7              1.960709e-05     -1.120000e-05      0.000000e+00
    8              1.330709e-05     -6.217019e-05      0.000000e+00
    9              7.070886e-07     -9.147435e-05      0.000000e+00
   10             -9.527089e-06     -8.382101e-05      0.000000e+00
   11             -1.792709e-05     -4.930186e-05      0.000000e+00
   12             -2.212709e-05     -7.466667e-06      0.000000e+00

 S T R E S S  C A L C U L A T I O N S  F O R  E L E M E N T  G R O U P    1

  ELEMENT             FORCE            STRESS
  NUMBER
    1         -4.200000e+03     -4.200000e+05
    2         -4.200000e+03     -4.200000e+05
    3          1.577215e+03      1.577215e+05
    4         -1.222785e+03     -1.222785e+05
    5         -2.800000e+03     -2.800000e+05
    6         -2.800000e+03     -2.800000e+05
    7         -2.126582e+03     -2.126582e+05
    8          1.023418e+03      1.023418e+05
    9          3.256329e+03      3.256329e+05
   10         -2.658228e+01     -2.658228e+03
   11         -2.126582e+03     -2.126582e+05
   12         -3.150000e+03     -3.150000e+05
   13         -6.300000e+03     -6.300000e+05
   14         -5.117089e+03     -5.117089e+05
   15         -4.200000e+03     -4.200000e+05
   16         -2.100000e+03     -2.100000e+05
   17          5.250000e+03      5.250000e+05
   18          5.250000e+03      5.250000e+05
   19         -1.971519e+03     -1.971519e+05
   20          1.528481e+03      1.528481e+05
   21          3.500000e+03      3.500000e+05
   22          3.500000e+03      3.500000e+05

 S O L U T I O N   T I M E   L O G   I N   S E C 

     TIME FOR INPUT PHASE = 0:00:00.000997
     TIME FOR CALCULATION OF STIFFNESS MATRIX = 0:00:00
     TIME FOR FACTORIZATION AND LOAD CASE SOLUTIONS = 0:00:00.002542
     T O T A L   S O L U T I O N   T I M E = 0:00:00.003539
